// Jest Snapshot v1, https://goo.gl/fbAQLP

exports[`<AddressContainer/> #render should render an <AddressContainer/> 1`] = `
<Container>
  <div
    className="main"
  >
    <h2
      className="mainTitle"
    >
      Bebida gelada, rápida a 
      <br />
      preço baixo
    </h2>
    <FormField
      className="mainSearch"
      isLoading={false}
      label="Endereço de entrega."
      onChange={[Function]}
    />
    <ul>
      <li
        key="ChIJn826YLJezpQRDhdmNWzKsdw"
        onClick={[Function]}
      >
        R. Cuiabá - Alto da Mooca, São Paulo - SP, Brazil
      </li>
      <li
        key="ChIJF9lBHVcFbJIRt9jT0OF5WWs"
        onClick={[Function]}
      >
        R. Cuiabá - Nossa Sra. das Gracas, Manaus - AM, 69053-120, Brazil
      </li>
    </ul>
  </div>
</Container>
`;
