// Jest Snapshot v1, https://goo.gl/fbAQLP

exports[`<Layout/> should render a <Layout/> 1`] = `
<Layout>
  <div
    className="layout"
  >
    <Header>
      <header
        className="header"
      >
        <Container>
          <div
            className="container"
          >
            <h1
              className="headerTitle"
            >
              <Link
                href="/"
              >
                <a
                  className="headerLogo"
                  href="/"
                  onClick={[Function]}
                >
                  Ze Delivery
                </a>
              </Link>
            </h1>
             
          </div>
        </Container>
      </header>
    </Header>
    <p>
      Corpo
    </p>
    <Footer>
      <footer
        className="footer"
      >
        <Container>
          <div
            className="container"
          >
            <p
              className="footerCopyright"
            >
              © 
              2019
               Zé Delivery - Todos os direitos reservados.
            </p>
            <p
              className="footerLogo"
            >
              Ze Delivery
            </p>
            <ul
              className="footerList"
            >
              <li>
                <a
                  className="footerListItem"
                  href="https://zedelivery.zendesk.com/hc/pt-br"
                  rel="noopener noreferrer"
                  target="_blank"
                >
                  Dúvidas?
                </a>
              </li>
              <li>
                <a
                  className="footerListItem"
                  href="/terms"
                >
                  Termos de Condições e Política de 
                  <br />
                   Privacidade
                </a>
              </li>
              <li>
                <a
                  className="footerListItem"
                  href="/partner"
                >
                  Seja nosso parceiro
                </a>
              </li>
            </ul>
             
          </div>
        </Container>
      </footer>
    </Footer>
  </div>
</Layout>
`;
